// Jest Snapshot v1, https://goo.gl/fbAQLP

exports[`should render ExpenseListItem 1`] = `
<div
  className="expense"
>
  <Link
    replace={false}
    to="/edit/1"
  >
    <h3>
      Gum
    </h3>
  </Link>
  <p>
    $1.95
    -
    January 1st, 1970
  </p>
</div>
`;
